python : Traceback 
(most recent call 
last):
At line:1 char:22
+ 
$env:PYTHONPATH="."; 
python 
tests/manual_test.py 
> test.log 2>&1
+                    
  ~~~~~~~~~~~~~~~~~~~
~~~~~~~~~~~~~~~~~~~~~
~~~
    + CategoryInfo   
           : NotSpe  
  cified: (Traceba   
 ck (most recent     
call last)::Stri    
ng) [], RemoteEx    
ception
    + FullyQualified 
   ErrorId : Native  
  CommandError
 
  File "C:\Users\USER
\ahead-hackathon\back
end\tests\manual_test
.py", line 2, in 
<module>
    from app.main 
import app
  File "C:\Users\USER
\ahead-hackathon\back
end\app\main.py", 
line 3, in <module>
    from 
app.core.config 
import settings
  File "C:\Users\USER
\ahead-hackathon\back
end\app\core\config.p
y", line 30, in 
<module>
    settings = 
Settings()
               
^^^^^^^^^^
  File "C:\Users\USER
\AppData\Local\Progra
ms\Python\Python311\L
ib\site-packages\pyda
ntic_settings\main.py
", line 71, in 
__init__
    super().__init__(
  File "C:\Users\USER
\AppData\Local\Progra
ms\Python\Python311\L
ib\site-packages\pyda
ntic\main.py", line 
250, in __init__
    validated_self = 
self.__pydantic_valid
ator__.validate_pytho
n(data, 
self_instance=self)
                     
^^^^^^^^^^^^^^^^^^^^^
^^^^^^^^^^^^^^^^^^^^^
^^^^^^^^^^^^^^^^^^^^^
^^^^^^
pydantic_core._pydant
ic_core.ValidationErr
or: 3 validation 
errors for Settings
PROJECT_NAME
  Field required 
[type=missing, 
input_value={}, 
input_type=dict]
    For further 
information visit htt
ps://errors.pydantic.
dev/2.12/v/missing
SECRET_KEY
  Field required 
[type=missing, 
input_value={}, 
input_type=dict]
    For further 
information visit htt
ps://errors.pydantic.
dev/2.12/v/missing
DATABASE_URL
  Field required 
[type=missing, 
input_value={}, 
input_type=dict]
    For further 
information visit htt
ps://errors.pydantic.
dev/2.12/v/missing
